// Jest Snapshot v1, https://goo.gl/fbAQLP

exports[`should collect data 1`] = `
Object {
  "collectedEntities": Array [
    Object {
      "_class": Array [
        "Account",
      ],
      "_key": "okta_account_dev-857255.okta.com/",
      "_rawData": Array [
        Object {
          "name": "default",
          "rawData": Object {
            "id": "okta-account:Local Integration",
            "name": "Okta Account",
          },
        },
      ],
      "_type": "okta_account",
      "accountId": "dev-857255.okta.com/",
      "createdOn": undefined,
      "displayName": "dev-857255",
      "id": "okta-account:Local Integration",
      "name": "dev-857255",
      "webLink": "https://dev-857255.okta.com/",
    },
    Object {
      "_class": Array [
        "Service",
        "Control",
      ],
      "_key": "okta:sso:dev-857255",
      "_rawData": Array [],
      "_type": "okta_service",
      "category": Array [
        "security",
      ],
      "controlDomain": "identity-access",
      "createdOn": undefined,
      "displayName": "Okta SSO",
      "function": "SSO",
      "name": "SSO",
    },
    Object {
      "_class": Array [
        "Service",
        "Control",
      ],
      "_key": "okta:mfa:dev-857255",
      "_rawData": Array [],
      "_type": "okta_service",
      "category": Array [
        "security",
      ],
      "controlDomain": "identity-access",
      "createdOn": undefined,
      "displayName": "Okta MFA",
      "function": "MFA",
      "name": "MFA",
    },
    Object {
      "_class": Array [
        "UserGroup",
      ],
      "_key": "00gs5to49AhMBaJNU4x6",
      "_rawData": Array [
        Object {
          "name": "default",
          "rawData": Group {
            "_links": Object {
              "apps": Object {
                "href": "https://dev-857255.okta.com/api/v1/groups/00gs5to49AhMBaJNU4x6/apps",
              },
              "logo": Array [
                Object {
                  "href": "https://ok11static.oktacdn.com/assets/img/logos/groups/odyssey/okta-medium.1a5ebe44c4244fb796c235d86b47e3bb.png",
                  "name": "medium",
                  "type": "image/png",
                },
                Object {
                  "href": "https://ok11static.oktacdn.com/assets/img/logos/groups/odyssey/okta-large.d9cfbd8a00a4feac1aa5612ba02e99c0.png",
                  "name": "large",
                  "type": "image/png",
                },
              ],
              "users": Object {
                "href": "https://dev-857255.okta.com/api/v1/groups/00gs5to49AhMBaJNU4x6/users",
              },
            },
            "created": "2020-08-27T01:06:34.000Z",
            "id": "00gs5to49AhMBaJNU4x6",
            "lastMembershipUpdated": "2021-03-25T13:00:33.000Z",
            "lastUpdated": "2020-08-27T01:06:34.000Z",
            "objectClass": Array [
              "okta:user_group",
            ],
            "profile": GroupProfile {
              "description": "All users in your organization",
              "name": "Everyone",
            },
            "type": "BUILT_IN",
          },
        },
      ],
      "_type": "okta_user_group",
      "created": 1598490394000,
      "createdOn": 1598490394000,
      "description": "All users in your organization",
      "displayName": "Everyone",
      "id": "00gs5to49AhMBaJNU4x6",
      "lastMembershipUpdated": 1616677233000,
      "lastMembershipUpdatedOn": 1616677233000,
      "lastUpdated": 1598490394000,
      "lastUpdatedOn": 1598490394000,
      "name": "Everyone",
      "objectClass": Array [
        "okta:user_group",
      ],
      "type": "BUILT_IN",
      "webLink": "https://dev-857255-admin.okta.com/admin/group/00gs5to49AhMBaJNU4x6",
    },
    Object {
      "_class": Array [
        "UserGroup",
      ],
      "_key": "00g2ovdjf9Ahbffgj4x7",
      "_rawData": Array [
        Object {
          "name": "default",
          "rawData": Group {
            "_links": Object {
              "apps": Object {
                "href": "https://dev-857255.okta.com/api/v1/groups/00g2ovdjf9Ahbffgj4x7/apps",
              },
              "logo": Array [
                Object {
                  "href": "https://ok11static.oktacdn.com/assets/img/logos/groups/odyssey/okta-medium.1a5ebe44c4244fb796c235d86b47e3bb.png",
                  "name": "medium",
                  "type": "image/png",
                },
                Object {
                  "href": "https://ok11static.oktacdn.com/assets/img/logos/groups/odyssey/okta-large.d9cfbd8a00a4feac1aa5612ba02e99c0.png",
                  "name": "large",
                  "type": "image/png",
                },
              ],
              "users": Object {
                "href": "https://dev-857255.okta.com/api/v1/groups/00g2ovdjf9Ahbffgj4x7/users",
              },
            },
            "created": "2021-03-25T16:07:23.000Z",
            "id": "00g2ovdjf9Ahbffgj4x7",
            "lastMembershipUpdated": "2021-03-25T16:07:23.000Z",
            "lastUpdated": "2021-03-25T16:07:23.000Z",
            "objectClass": Array [
              "okta:user_group",
            ],
            "profile": GroupProfile {
              "description": "A group of testers testing groups of tests",
              "name": "Test Group",
            },
            "type": "OKTA_GROUP",
          },
        },
      ],
      "_type": "okta_user_group",
      "created": 1616688443000,
      "createdOn": 1616688443000,
      "description": "A group of testers testing groups of tests",
      "displayName": "Test Group",
      "id": "00g2ovdjf9Ahbffgj4x7",
      "lastMembershipUpdated": 1616688443000,
      "lastMembershipUpdatedOn": 1616688443000,
      "lastUpdated": 1616688443000,
      "lastUpdatedOn": 1616688443000,
      "name": "Test Group",
      "objectClass": Array [
        "okta:user_group",
      ],
      "type": "OKTA_GROUP",
      "webLink": "https://dev-857255-admin.okta.com/admin/group/00g2ovdjf9Ahbffgj4x7",
    },
    Object {
      "_class": Array [
        "User",
      ],
      "_key": "00u1cagurdhtxqBdf4x7",
      "_rawData": Array [
        Object {
          "name": "default",
          "rawData": User {
            "_links": Object {
              "self": Object {
                "href": "https://dev-857255.okta.com/api/v1/users/00u1cagurdhtxqBdf4x7",
              },
            },
            "activated": "2020-12-02T17:07:38.000Z",
            "created": "2020-11-06T15:47:18.000Z",
            "id": "00u1cagurdhtxqBdf4x7",
            "lastLogin": "2020-12-03T16:39:33.000Z",
            "lastUpdated": "2020-12-02T17:18:55.000Z",
            "passwordChanged": "2020-12-02T17:18:55.000Z",
            "profile": UserProfile {
              "email": "nick.dowmon@jupiterone.com",
              "firstName": "Nick",
              "lastName": "Dowmon",
              "login": "nick.dowmon@jupiterone.com",
              "mobilePhone": null,
              "secondEmail": null,
            },
            "status": "ACTIVE",
            "statusChanged": "2020-12-02T17:18:55.000Z",
            "type": UserType {
              "id": "otys5to4jqDf0Ws0W4x6",
            },
          },
        },
      ],
      "_type": "okta_user",
      "activated": 1606928858000,
      "activatedOn": 1606928858000,
      "active": true,
      "created": 1604677638000,
      "createdOn": 1604677638000,
      "displayName": "nick.dowmon@jupiterone.com",
      "email": "nick.dowmon@jupiterone.com",
      "id": "00u1cagurdhtxqBdf4x7",
      "lastLogin": 1607013573000,
      "lastLoginOn": 1607013573000,
      "lastUpdated": 1606929535000,
      "lastUpdatedOn": 1606929535000,
      "name": "Nick Dowmon",
      "passwordChanged": 1606929535000,
      "passwordChangedOn": 1606929535000,
      "status": "ACTIVE",
      "statusChanged": 1606929535000,
      "statusChangedOn": 1606929535000,
      "unverifiedEmails": undefined,
      "username": "nick.dowmon",
      "verifiedEmails": undefined,
      "webLink": "https://dev-857255-admin.okta.com/admin/user/profile/view/00u1cagurdhtxqBdf4x7",
    },
    Object {
      "_class": Array [
        "User",
      ],
      "_key": "00u2ot2iur46vIUsV4x7",
      "_rawData": Array [
        Object {
          "name": "default",
          "rawData": User {
            "_links": Object {
              "self": Object {
                "href": "https://dev-857255.okta.com/api/v1/users/00u2ot2iur46vIUsV4x7",
              },
            },
            "activated": "2021-03-25T13:00:33.000Z",
            "created": "2021-03-25T13:00:33.000Z",
            "id": "00u2ot2iur46vIUsV4x7",
            "lastLogin": "2021-04-13T15:20:22.000Z",
            "lastUpdated": "2021-03-25T15:00:14.000Z",
            "passwordChanged": "2021-03-25T15:00:14.000Z",
            "profile": UserProfile {
              "email": "thomaskevincasey74@gmail.com",
              "firstName": "Kevin",
              "lastName": "Casey",
              "login": "thomaskevincasey74@gmail.com",
              "mobilePhone": null,
              "secondEmail": null,
            },
            "status": "ACTIVE",
            "statusChanged": "2021-03-25T15:00:14.000Z",
            "type": UserType {
              "id": "otys5to4jqDf0Ws0W4x6",
            },
          },
        },
      ],
      "_type": "okta_user",
      "activated": 1616677233000,
      "activatedOn": 1616677233000,
      "active": true,
      "created": 1616677233000,
      "createdOn": 1616677233000,
      "displayName": "thomaskevincasey74@gmail.com",
      "email": "thomaskevincasey74@gmail.com",
      "id": "00u2ot2iur46vIUsV4x7",
      "lastLogin": 1618327222000,
      "lastLoginOn": 1618327222000,
      "lastUpdated": 1616684414000,
      "lastUpdatedOn": 1616684414000,
      "name": "Kevin Casey",
      "passwordChanged": 1616684414000,
      "passwordChangedOn": 1616684414000,
      "status": "ACTIVE",
      "statusChanged": 1616684414000,
      "statusChangedOn": 1616684414000,
      "unverifiedEmails": undefined,
      "username": "thomaskevincasey74",
      "verifiedEmails": undefined,
      "webLink": "https://dev-857255-admin.okta.com/admin/user/profile/view/00u2ot2iur46vIUsV4x7",
    },
    Object {
      "_class": Array [
        "User",
      ],
      "_key": "00us5to77GW1mVs6w4x6",
      "_rawData": Array [
        Object {
          "name": "default",
          "rawData": User {
            "_links": Object {
              "self": Object {
                "href": "https://dev-857255.okta.com/api/v1/users/00us5to77GW1mVs6w4x6",
              },
            },
            "activated": null,
            "created": "2020-08-27T01:06:39.000Z",
            "id": "00us5to77GW1mVs6w4x6",
            "lastLogin": "2020-11-06T15:46:17.000Z",
            "lastUpdated": "2020-08-27T01:08:57.000Z",
            "passwordChanged": "2020-08-27T01:08:57.000Z",
            "profile": UserProfile {
              "email": "erkang.zheng@jupiterone.com",
              "firstName": "Erkang",
              "lastName": "Zheng",
              "login": "erkang.zheng@jupiterone.com",
              "mobilePhone": null,
              "secondEmail": null,
            },
            "status": "ACTIVE",
            "statusChanged": "2020-08-27T01:08:57.000Z",
            "type": UserType {
              "id": "otys5to4jqDf0Ws0W4x6",
            },
          },
        },
      ],
      "_type": "okta_user",
      "activated": undefined,
      "activatedOn": undefined,
      "active": true,
      "created": 1598490399000,
      "createdOn": 1598490399000,
      "displayName": "erkang.zheng@jupiterone.com",
      "email": "erkang.zheng@jupiterone.com",
      "id": "00us5to77GW1mVs6w4x6",
      "lastLogin": 1604677577000,
      "lastLoginOn": 1604677577000,
      "lastUpdated": 1598490537000,
      "lastUpdatedOn": 1598490537000,
      "name": "Erkang Zheng",
      "passwordChanged": 1598490537000,
      "passwordChangedOn": 1598490537000,
      "status": "ACTIVE",
      "statusChanged": 1598490537000,
      "statusChangedOn": 1598490537000,
      "unverifiedEmails": undefined,
      "username": "erkang.zheng",
      "verifiedEmails": undefined,
      "webLink": "https://dev-857255-admin.okta.com/admin/user/profile/view/00us5to77GW1mVs6w4x6",
    },
    Object {
      "_class": Array [
        "User",
      ],
      "_key": "00us5ty22kvu4NAxo4x6",
      "_rawData": Array [
        Object {
          "name": "default",
          "rawData": User {
            "_links": Object {
              "self": Object {
                "href": "https://dev-857255.okta.com/api/v1/users/00us5ty22kvu4NAxo4x6",
              },
            },
            "activated": "2020-08-27T01:10:47.000Z",
            "created": "2020-08-27T01:10:40.000Z",
            "id": "00us5ty22kvu4NAxo4x6",
            "lastLogin": "2020-11-09T22:21:23.000Z",
            "lastUpdated": "2020-11-09T22:21:23.000Z",
            "passwordChanged": "2020-11-09T22:21:23.000Z",
            "profile": UserProfile {
              "email": "austin.kelleher@jupiterone.com",
              "firstName": "Austin",
              "lastName": "Kelleher",
              "login": "austin.kelleher@jupiterone.com",
              "mobilePhone": null,
              "secondEmail": null,
            },
            "status": "ACTIVE",
            "statusChanged": "2020-08-27T11:32:46.000Z",
            "type": UserType {
              "id": "otys5to4jqDf0Ws0W4x6",
            },
          },
        },
      ],
      "_type": "okta_user",
      "activated": 1598490647000,
      "activatedOn": 1598490647000,
      "active": true,
      "created": 1598490640000,
      "createdOn": 1598490640000,
      "displayName": "austin.kelleher@jupiterone.com",
      "email": "austin.kelleher@jupiterone.com",
      "id": "00us5ty22kvu4NAxo4x6",
      "lastLogin": 1604960483000,
      "lastLoginOn": 1604960483000,
      "lastUpdated": 1604960483000,
      "lastUpdatedOn": 1604960483000,
      "name": "Austin Kelleher",
      "passwordChanged": 1604960483000,
      "passwordChangedOn": 1604960483000,
      "status": "ACTIVE",
      "statusChanged": 1598527966000,
      "statusChangedOn": 1598527966000,
      "unverifiedEmails": undefined,
      "username": "austin.kelleher",
      "verifiedEmails": undefined,
      "webLink": "https://dev-857255-admin.okta.com/admin/user/profile/view/00us5ty22kvu4NAxo4x6",
    },
    Object {
      "_class": Array [
        "User",
      ],
      "_key": "00us5z1aerBUBP41M4x6",
      "_rawData": Array [
        Object {
          "name": "default",
          "rawData": User {
            "_links": Object {
              "self": Object {
                "href": "https://dev-857255.okta.com/api/v1/users/00us5z1aerBUBP41M4x6",
              },
            },
            "activated": "2020-08-27T01:10:15.000Z",
            "created": "2020-08-27T01:10:14.000Z",
            "id": "00us5z1aerBUBP41M4x6",
            "lastLogin": "2020-08-27T14:59:28.000Z",
            "lastUpdated": "2020-08-27T14:59:28.000Z",
            "passwordChanged": "2020-08-27T14:59:28.000Z",
            "profile": UserProfile {
              "email": "akash.ganapathi@jupiterone.com",
              "firstName": "Akash",
              "lastName": "Ganapathi",
              "login": "akash.ganapathi@jupiterone.com",
              "mobilePhone": null,
              "secondEmail": null,
            },
            "status": "ACTIVE",
            "statusChanged": "2020-08-27T14:59:28.000Z",
            "type": UserType {
              "id": "otys5to4jqDf0Ws0W4x6",
            },
          },
        },
      ],
      "_type": "okta_user",
      "activated": 1598490615000,
      "activatedOn": 1598490615000,
      "active": true,
      "created": 1598490614000,
      "createdOn": 1598490614000,
      "displayName": "akash.ganapathi@jupiterone.com",
      "email": "akash.ganapathi@jupiterone.com",
      "id": "00us5z1aerBUBP41M4x6",
      "lastLogin": 1598540368000,
      "lastLoginOn": 1598540368000,
      "lastUpdated": 1598540368000,
      "lastUpdatedOn": 1598540368000,
      "name": "Akash Ganapathi",
      "passwordChanged": 1598540368000,
      "passwordChangedOn": 1598540368000,
      "status": "ACTIVE",
      "statusChanged": 1598540368000,
      "statusChangedOn": 1598540368000,
      "unverifiedEmails": undefined,
      "username": "akash.ganapathi",
      "verifiedEmails": undefined,
      "webLink": "https://dev-857255-admin.okta.com/admin/user/profile/view/00us5z1aerBUBP41M4x6",
    },
    Object {
      "_class": Array [
        "User",
      ],
      "_key": "00us5zkpf7nGTeKXu4x6",
      "_rawData": Array [
        Object {
          "name": "default",
          "rawData": User {
            "_links": Object {
              "self": Object {
                "href": "https://dev-857255.okta.com/api/v1/users/00us5zkpf7nGTeKXu4x6",
              },
            },
            "activated": "2020-08-27T01:09:43.000Z",
            "created": "2020-08-27T01:09:43.000Z",
            "id": "00us5zkpf7nGTeKXu4x6",
            "lastLogin": "2021-03-29T17:25:51.000Z",
            "lastUpdated": "2020-08-27T15:09:23.000Z",
            "passwordChanged": "2020-08-27T15:09:23.000Z",
            "profile": UserProfile {
              "email": "adam.williams@jupiterone.com",
              "firstName": "Adam",
              "lastName": "Williams",
              "login": "adam.williams@jupiterone.com",
              "mobilePhone": null,
              "secondEmail": null,
            },
            "status": "ACTIVE",
            "statusChanged": "2020-08-27T15:09:23.000Z",
            "type": UserType {
              "id": "otys5to4jqDf0Ws0W4x6",
            },
          },
        },
      ],
      "_type": "okta_user",
      "activated": 1598490583000,
      "activatedOn": 1598490583000,
      "active": true,
      "created": 1598490583000,
      "createdOn": 1598490583000,
      "displayName": "adam.williams@jupiterone.com",
      "email": "adam.williams@jupiterone.com",
      "id": "00us5zkpf7nGTeKXu4x6",
      "lastLogin": 1617038751000,
      "lastLoginOn": 1617038751000,
      "lastUpdated": 1598540963000,
      "lastUpdatedOn": 1598540963000,
      "name": "Adam Williams",
      "passwordChanged": 1598540963000,
      "passwordChangedOn": 1598540963000,
      "status": "ACTIVE",
      "statusChanged": 1598540963000,
      "statusChangedOn": 1598540963000,
      "unverifiedEmails": undefined,
      "username": "adam.williams",
      "verifiedEmails": undefined,
      "webLink": "https://dev-857255-admin.okta.com/admin/user/profile/view/00us5zkpf7nGTeKXu4x6",
    },
    Object {
      "_class": Array [
        "User",
      ],
      "_key": "00us60gayc3EIwpRc4x6",
      "_rawData": Array [
        Object {
          "name": "default",
          "rawData": User {
            "_links": Object {
              "self": Object {
                "href": "https://dev-857255.okta.com/api/v1/users/00us60gayc3EIwpRc4x6",
              },
            },
            "activated": "2020-08-27T01:21:05.000Z",
            "created": "2020-08-27T01:17:24.000Z",
            "id": "00us60gayc3EIwpRc4x6",
            "lastLogin": null,
            "lastUpdated": "2020-08-27T01:21:25.000Z",
            "passwordChanged": null,
            "profile": UserProfile {
              "email": "test@jupiterone.com",
              "firstName": "Test",
              "lastName": "Test",
              "login": "test@jupiterone.com",
              "mobilePhone": null,
              "secondEmail": null,
            },
            "status": "DEPROVISIONED",
            "statusChanged": "2020-08-27T01:21:25.000Z",
            "type": UserType {
              "id": "otys5to4jqDf0Ws0W4x6",
            },
          },
        },
      ],
      "_type": "okta_user",
      "activated": 1598491265000,
      "activatedOn": 1598491265000,
      "active": false,
      "created": 1598491044000,
      "createdOn": 1598491044000,
      "displayName": "test@jupiterone.com",
      "email": "test@jupiterone.com",
      "id": "00us60gayc3EIwpRc4x6",
      "lastLogin": undefined,
      "lastLoginOn": undefined,
      "lastUpdated": 1598491285000,
      "lastUpdatedOn": 1598491285000,
      "name": "Test Test",
      "passwordChanged": undefined,
      "passwordChangedOn": undefined,
      "status": "DEPROVISIONED",
      "statusChanged": 1598491285000,
      "statusChangedOn": 1598491285000,
      "unverifiedEmails": undefined,
      "username": "test",
      "verifiedEmails": undefined,
      "webLink": "https://dev-857255-admin.okta.com/admin/user/profile/view/00us60gayc3EIwpRc4x6",
    },
    Object {
      "_class": Array [
        "Application",
      ],
      "_key": "0oa2s9fk7q82KPy9V4x7",
      "_rawData": Array [
        Object {
          "name": "default",
          "rawData": OpenIdConnectApplication {
            "_links": Object {
              "appLinks": Array [],
              "deactivate": Object {
                "href": "https://dev-857255.okta.com/api/v1/apps/0oa2s9fk7q82KPy9V4x7/lifecycle/deactivate",
              },
              "groups": Object {
                "href": "https://dev-857255.okta.com/api/v1/apps/0oa2s9fk7q82KPy9V4x7/groups",
              },
              "logo": Array [
                Object {
                  "href": "https://ok11static.oktacdn.com/assets/img/logos/okta-logo-browser-plugin.1db9f55776407dfc548a5d6985ff280a.svg",
                  "name": "medium",
                  "type": "image/png",
                },
              ],
              "users": Object {
                "href": "https://dev-857255.okta.com/api/v1/apps/0oa2s9fk7q82KPy9V4x7/users",
              },
            },
            "accessibility": ApplicationAccessibility {
              "errorRedirectUrl": null,
              "loginRedirectUrl": null,
              "selfService": false,
            },
            "created": "2021-04-02T19:38:02.000Z",
            "features": Array [],
            "id": "0oa2s9fk7q82KPy9V4x7",
            "label": "Okta Browser Plugin",
            "lastUpdated": "2021-04-02T19:38:02.000Z",
            "name": "okta_browser_plugin",
            "settings": OpenIdConnectApplicationSettings {
              "app": ApplicationSettingsApplication {},
              "notifications": ApplicationSettingsNotifications {
                "vpn": ApplicationSettingsNotificationsVpn {
                  "helpUrl": null,
                  "message": null,
                  "network": ApplicationSettingsNotificationsVpnNetwork {
                    "connection": "DISABLED",
                  },
                },
              },
            },
            "signOnMode": "OPENID_CONNECT",
            "status": "ACTIVE",
            "visibility": ApplicationVisibility {
              "appLinks": Object {},
              "autoSubmitToolbar": false,
              "hide": ApplicationVisibilityHide {
                "iOS": false,
                "web": false,
              },
            },
          },
        },
      ],
      "_type": "okta_application",
      "active": true,
      "appAccountType": "okta_browser_plugin_account",
      "appVendorName": "Okta Browser Plugin",
      "created": "2021-04-02T19:38:02.000Z",
      "createdOn": undefined,
      "displayName": "Okta Browser Plugin",
      "features": Array [],
      "id": "0oa2s9fk7q82KPy9V4x7",
      "imageUrl": "https://ok11static.oktacdn.com/assets/img/logos/okta-logo-browser-plugin.1db9f55776407dfc548a5d6985ff280a.svg",
      "isMultiInstanceApp": false,
      "isSAMLApp": false,
      "label": "Okta Browser Plugin",
      "lastUpdated": "2021-04-02T19:38:02.000Z",
      "loginUrl": undefined,
      "name": "okta_browser_plugin",
      "shortName": "okta_browser_plugin",
      "signOnMode": "OPENID_CONNECT",
      "status": "ACTIVE",
      "webLink": "https://dev-857255-admin.okta.com/admin/app/okta_browser_plugin/instance/0oa2s9fk7q82KPy9V4x7",
    },
    Object {
      "_class": Array [
        "Application",
      ],
      "_key": "0oa2vpmqxp82pl9sk4x7",
      "_rawData": Array [
        Object {
          "name": "default",
          "rawData": AutoLoginApplication {
            "_links": Object {
              "appLinks": Array [
                Object {
                  "href": "https://dev-857255.okta.com/home/slack/0oa2vpmqxp82pl9sk4x7/19411",
                  "name": "slack_ink",
                  "type": "text/html",
                },
              ],
              "deactivate": Object {
                "href": "https://dev-857255.okta.com/api/v1/apps/0oa2vpmqxp82pl9sk4x7/lifecycle/deactivate",
              },
              "groups": Object {
                "href": "https://dev-857255.okta.com/api/v1/apps/0oa2vpmqxp82pl9sk4x7/groups",
              },
              "logo": Array [
                Object {
                  "href": "https://ok11static.oktacdn.com/fs/bcg/4/gfs21ghft9NRPUARi4x7",
                  "name": "medium",
                  "type": "image/png",
                },
              ],
              "users": Object {
                "href": "https://dev-857255.okta.com/api/v1/apps/0oa2vpmqxp82pl9sk4x7/users",
              },
            },
            "accessibility": ApplicationAccessibility {
              "errorRedirectUrl": null,
              "loginRedirectUrl": null,
              "selfService": false,
            },
            "created": "2021-04-11T16:09:31.000Z",
            "features": Array [],
            "id": "0oa2vpmqxp82pl9sk4x7",
            "label": "Dev Integrations Slack",
            "lastUpdated": "2021-04-11T16:10:13.000Z",
            "name": "slack",
            "settings": AutoLoginApplicationSettings {
              "app": ApplicationSettingsApplication {
                "domain": "jptrone.slack.com",
                "userEmailValue": "false",
              },
              "notifications": ApplicationSettingsNotifications {
                "vpn": ApplicationSettingsNotificationsVpn {
                  "helpUrl": null,
                  "message": null,
                  "network": ApplicationSettingsNotificationsVpnNetwork {
                    "connection": "DISABLED",
                  },
                },
              },
            },
            "signOnMode": "AUTO_LOGIN",
            "status": "ACTIVE",
            "visibility": ApplicationVisibility {
              "appLinks": Object {
                "slack_ink": true,
              },
              "autoSubmitToolbar": true,
              "hide": ApplicationVisibilityHide {
                "iOS": false,
                "web": false,
              },
            },
          },
        },
      ],
      "_type": "okta_application",
      "active": true,
      "appAccountId": "jptrone.slack.com",
      "appAccountType": "slack_account",
      "appDomain": "jptrone.slack.com",
      "appVendorName": "Slack",
      "created": "2021-04-11T16:09:31.000Z",
      "createdOn": undefined,
      "displayName": "Dev Integrations Slack",
      "features": Array [],
      "id": "0oa2vpmqxp82pl9sk4x7",
      "imageUrl": "https://ok11static.oktacdn.com/fs/bcg/4/gfs21ghft9NRPUARi4x7",
      "isMultiInstanceApp": false,
      "isSAMLApp": false,
      "label": "Dev Integrations Slack",
      "lastUpdated": "2021-04-11T16:10:13.000Z",
      "loginUrl": "https://dev-857255.okta.com/home/slack/0oa2vpmqxp82pl9sk4x7/19411",
      "name": "slack",
      "shortName": "slack",
      "signOnMode": "AUTO_LOGIN",
      "status": "ACTIVE",
      "webLink": "https://dev-857255-admin.okta.com/admin/app/slack/instance/0oa2vpmqxp82pl9sk4x7",
    },
    Object {
      "_class": Array [
        "Application",
      ],
      "_key": "0oas5to408GEd54s04x6",
      "_rawData": Array [
        Object {
          "name": "default",
          "rawData": OpenIdConnectApplication {
            "_links": Object {
              "appLinks": Array [
                Object {
                  "href": "https://dev-857255.okta.com/home/saasure/0oas5to408GEd54s04x6/2",
                  "name": "admin",
                  "type": "text/html",
                },
              ],
              "deactivate": Object {
                "href": "https://dev-857255.okta.com/api/v1/apps/0oas5to408GEd54s04x6/lifecycle/deactivate",
              },
              "groups": Object {
                "href": "https://dev-857255.okta.com/api/v1/apps/0oas5to408GEd54s04x6/groups",
              },
              "logo": Array [
                Object {
                  "href": "https://ok11static.oktacdn.com/assets/img/logos/okta_admin_app.da3325676d57eaf566cb786dd0c7a819.png",
                  "name": "medium",
                  "type": "image/png",
                },
              ],
              "users": Object {
                "href": "https://dev-857255.okta.com/api/v1/apps/0oas5to408GEd54s04x6/users",
              },
            },
            "accessibility": ApplicationAccessibility {
              "errorRedirectUrl": null,
              "loginRedirectUrl": null,
              "selfService": false,
            },
            "created": "2020-08-27T01:06:34.000Z",
            "features": Array [],
            "id": "0oas5to408GEd54s04x6",
            "label": "Okta Admin Console",
            "lastUpdated": "2020-12-12T07:34:02.000Z",
            "name": "saasure",
            "settings": OpenIdConnectApplicationSettings {
              "app": ApplicationSettingsApplication {},
              "notifications": ApplicationSettingsNotifications {
                "vpn": ApplicationSettingsNotificationsVpn {
                  "helpUrl": null,
                  "message": null,
                  "network": ApplicationSettingsNotificationsVpnNetwork {
                    "connection": "DISABLED",
                  },
                },
              },
            },
            "signOnMode": "OPENID_CONNECT",
            "status": "ACTIVE",
            "visibility": ApplicationVisibility {
              "appLinks": Object {
                "admin": true,
              },
              "autoSubmitToolbar": false,
              "hide": ApplicationVisibilityHide {
                "iOS": true,
                "web": true,
              },
            },
          },
        },
      ],
      "_type": "okta_application",
      "active": true,
      "appAccountType": "saasure_account",
      "appVendorName": "Saasure",
      "created": "2020-08-27T01:06:34.000Z",
      "createdOn": undefined,
      "displayName": "Okta Admin Console",
      "features": Array [],
      "id": "0oas5to408GEd54s04x6",
      "imageUrl": "https://ok11static.oktacdn.com/assets/img/logos/okta_admin_app.da3325676d57eaf566cb786dd0c7a819.png",
      "isMultiInstanceApp": false,
      "isSAMLApp": false,
      "label": "Okta Admin Console",
      "lastUpdated": "2020-12-12T07:34:02.000Z",
      "loginUrl": "https://dev-857255.okta.com/home/saasure/0oas5to408GEd54s04x6/2",
      "name": "saasure",
      "shortName": "saasure",
      "signOnMode": "OPENID_CONNECT",
      "status": "ACTIVE",
      "webLink": "https://dev-857255-admin.okta.com/admin/app/saasure/instance/0oas5to408GEd54s04x6",
    },
  ],
  "collectedRelationships": Array [
    Object {
      "_class": "HAS",
      "_fromEntityKey": "okta_account_dev-857255.okta.com/",
      "_key": "okta_account_dev-857255.okta.com/|has|okta:sso:dev-857255",
      "_toEntityKey": "okta:sso:dev-857255",
      "_type": "okta_account_has_service",
      "displayName": "HAS",
    },
    Object {
      "_class": "HAS",
      "_fromEntityKey": "okta_account_dev-857255.okta.com/",
      "_key": "okta_account_dev-857255.okta.com/|has|okta:mfa:dev-857255",
      "_toEntityKey": "okta:mfa:dev-857255",
      "_type": "okta_account_has_service",
      "displayName": "HAS",
    },
    Object {
      "_class": "HAS",
      "_fromEntityKey": "okta_account_dev-857255.okta.com/",
      "_key": "okta_account_dev-857255.okta.com/|has|00gs5to49AhMBaJNU4x6",
      "_toEntityKey": "00gs5to49AhMBaJNU4x6",
      "_type": "okta_account_has_user_group",
      "displayName": "HAS",
    },
    Object {
      "_class": "HAS",
      "_fromEntityKey": "okta_account_dev-857255.okta.com/",
      "_key": "okta_account_dev-857255.okta.com/|has|00g2ovdjf9Ahbffgj4x7",
      "_toEntityKey": "00g2ovdjf9Ahbffgj4x7",
      "_type": "okta_account_has_user_group",
      "displayName": "HAS",
    },
    Object {
      "_class": "HAS",
      "_fromEntityKey": "okta_account_dev-857255.okta.com/",
      "_key": "okta_account_dev-857255.okta.com/|has|00u1cagurdhtxqBdf4x7",
      "_toEntityKey": "00u1cagurdhtxqBdf4x7",
      "_type": "okta_account_has_user",
      "displayName": "HAS",
    },
    Object {
      "_class": "HAS",
      "_fromEntityKey": "00gs5to49AhMBaJNU4x6",
      "_key": "00gs5to49AhMBaJNU4x6|has|00u1cagurdhtxqBdf4x7",
      "_toEntityKey": "00u1cagurdhtxqBdf4x7",
      "_type": "okta_user_group_has_user",
      "displayName": "HAS",
    },
    Object {
      "_class": "HAS",
      "_fromEntityKey": "okta_account_dev-857255.okta.com/",
      "_key": "okta_account_dev-857255.okta.com/|has|00u2ot2iur46vIUsV4x7",
      "_toEntityKey": "00u2ot2iur46vIUsV4x7",
      "_type": "okta_account_has_user",
      "displayName": "HAS",
    },
    Object {
      "_class": "HAS",
      "_fromEntityKey": "00gs5to49AhMBaJNU4x6",
      "_key": "00gs5to49AhMBaJNU4x6|has|00u2ot2iur46vIUsV4x7",
      "_toEntityKey": "00u2ot2iur46vIUsV4x7",
      "_type": "okta_user_group_has_user",
      "displayName": "HAS",
    },
    Object {
      "_class": "HAS",
      "_fromEntityKey": "okta_account_dev-857255.okta.com/",
      "_key": "okta_account_dev-857255.okta.com/|has|00us5to77GW1mVs6w4x6",
      "_toEntityKey": "00us5to77GW1mVs6w4x6",
      "_type": "okta_account_has_user",
      "displayName": "HAS",
    },
    Object {
      "_class": "HAS",
      "_fromEntityKey": "00gs5to49AhMBaJNU4x6",
      "_key": "00gs5to49AhMBaJNU4x6|has|00us5to77GW1mVs6w4x6",
      "_toEntityKey": "00us5to77GW1mVs6w4x6",
      "_type": "okta_user_group_has_user",
      "displayName": "HAS",
    },
    Object {
      "_class": "HAS",
      "_fromEntityKey": "okta_account_dev-857255.okta.com/",
      "_key": "okta_account_dev-857255.okta.com/|has|00us5ty22kvu4NAxo4x6",
      "_toEntityKey": "00us5ty22kvu4NAxo4x6",
      "_type": "okta_account_has_user",
      "displayName": "HAS",
    },
    Object {
      "_class": "HAS",
      "_fromEntityKey": "00gs5to49AhMBaJNU4x6",
      "_key": "00gs5to49AhMBaJNU4x6|has|00us5ty22kvu4NAxo4x6",
      "_toEntityKey": "00us5ty22kvu4NAxo4x6",
      "_type": "okta_user_group_has_user",
      "displayName": "HAS",
    },
    Object {
      "_class": "HAS",
      "_fromEntityKey": "okta_account_dev-857255.okta.com/",
      "_key": "okta_account_dev-857255.okta.com/|has|00us5z1aerBUBP41M4x6",
      "_toEntityKey": "00us5z1aerBUBP41M4x6",
      "_type": "okta_account_has_user",
      "displayName": "HAS",
    },
    Object {
      "_class": "HAS",
      "_fromEntityKey": "00gs5to49AhMBaJNU4x6",
      "_key": "00gs5to49AhMBaJNU4x6|has|00us5z1aerBUBP41M4x6",
      "_toEntityKey": "00us5z1aerBUBP41M4x6",
      "_type": "okta_user_group_has_user",
      "displayName": "HAS",
    },
    Object {
      "_class": "HAS",
      "_fromEntityKey": "okta_account_dev-857255.okta.com/",
      "_key": "okta_account_dev-857255.okta.com/|has|00us5zkpf7nGTeKXu4x6",
      "_toEntityKey": "00us5zkpf7nGTeKXu4x6",
      "_type": "okta_account_has_user",
      "displayName": "HAS",
    },
    Object {
      "_class": "HAS",
      "_fromEntityKey": "00gs5to49AhMBaJNU4x6",
      "_key": "00gs5to49AhMBaJNU4x6|has|00us5zkpf7nGTeKXu4x6",
      "_toEntityKey": "00us5zkpf7nGTeKXu4x6",
      "_type": "okta_user_group_has_user",
      "displayName": "HAS",
    },
    Object {
      "_class": "HAS",
      "_fromEntityKey": "okta_account_dev-857255.okta.com/",
      "_key": "okta_account_dev-857255.okta.com/|has|00us60gayc3EIwpRc4x6",
      "_toEntityKey": "00us60gayc3EIwpRc4x6",
      "_type": "okta_account_has_user",
      "displayName": "HAS",
    },
    Object {
      "_class": "HAS",
      "_fromEntityKey": "00gs5to49AhMBaJNU4x6",
      "_key": "00gs5to49AhMBaJNU4x6|has|00us60gayc3EIwpRc4x6",
      "_toEntityKey": "00us60gayc3EIwpRc4x6",
      "_type": "okta_user_group_has_user",
      "displayName": "HAS",
    },
    Object {
      "_class": "HAS",
      "_fromEntityKey": "okta_account_dev-857255.okta.com/",
      "_key": "okta_account_dev-857255.okta.com/|has|0oa2s9fk7q82KPy9V4x7",
      "_toEntityKey": "0oa2s9fk7q82KPy9V4x7",
      "_type": "okta_account_has_application",
      "displayName": "HAS",
    },
    Object {
      "_class": "HAS",
      "_fromEntityKey": "okta_account_dev-857255.okta.com/",
      "_key": "okta_account_dev-857255.okta.com/|has|0oa2vpmqxp82pl9sk4x7",
      "_toEntityKey": "0oa2vpmqxp82pl9sk4x7",
      "_type": "okta_account_has_application",
      "displayName": "HAS",
    },
    Object {
      "_class": "ASSIGNED",
      "_fromEntityKey": "00g2ovdjf9Ahbffgj4x7",
      "_key": "00g2ovdjf9Ahbffgj4x7|assigned|0oa2vpmqxp82pl9sk4x7",
      "_toEntityKey": "0oa2vpmqxp82pl9sk4x7",
      "_type": "okta_user_group_assigned_application",
      "displayName": "ASSIGNED",
    },
    Object {
      "_class": "ASSIGNED",
      "_fromEntityKey": "00u2ot2iur46vIUsV4x7",
      "_key": "00u2ot2iur46vIUsV4x7|assigned|0oa2vpmqxp82pl9sk4x7",
      "_toEntityKey": "0oa2vpmqxp82pl9sk4x7",
      "_type": "okta_user_assigned_application",
      "displayName": "ASSIGNED",
    },
    Object {
      "_class": "HAS",
      "_fromEntityKey": "okta_account_dev-857255.okta.com/",
      "_key": "okta_account_dev-857255.okta.com/|has|0oas5to408GEd54s04x6",
      "_toEntityKey": "0oas5to408GEd54s04x6",
      "_type": "okta_account_has_application",
      "displayName": "HAS",
    },
    Object {
      "_class": "ASSIGNED",
      "_fromEntityKey": "00us5zkpf7nGTeKXu4x6",
      "_key": "00us5zkpf7nGTeKXu4x6|assigned|0oas5to408GEd54s04x6",
      "_toEntityKey": "0oas5to408GEd54s04x6",
      "_type": "okta_user_assigned_application",
      "displayName": "ASSIGNED",
    },
    Object {
      "_class": "ASSIGNED",
      "_fromEntityKey": "00u1cagurdhtxqBdf4x7",
      "_key": "00u1cagurdhtxqBdf4x7|assigned|0oas5to408GEd54s04x6",
      "_toEntityKey": "0oas5to408GEd54s04x6",
      "_type": "okta_user_assigned_application",
      "displayName": "ASSIGNED",
    },
    Object {
      "_class": "ASSIGNED",
      "_fromEntityKey": "00u2ot2iur46vIUsV4x7",
      "_key": "00u2ot2iur46vIUsV4x7|assigned|0oas5to408GEd54s04x6",
      "_toEntityKey": "0oas5to408GEd54s04x6",
      "_type": "okta_user_assigned_application",
      "displayName": "ASSIGNED",
    },
    Object {
      "_class": "ASSIGNED",
      "_fromEntityKey": "00us5to77GW1mVs6w4x6",
      "_key": "00us5to77GW1mVs6w4x6|assigned|0oas5to408GEd54s04x6",
      "_toEntityKey": "0oas5to408GEd54s04x6",
      "_type": "okta_user_assigned_application",
      "displayName": "ASSIGNED",
    },
  ],
  "encounteredTypes": Array [
    "okta_account",
    "okta_service",
    "okta_account_has_service",
    "okta_user_group",
    "okta_account_has_user_group",
    "okta_user",
    "okta_account_has_user",
    "okta_user_group_has_user",
    "okta_application",
    "okta_account_has_application",
    "okta_user_group_assigned_application",
    "okta_user_assigned_application",
  ],
  "numCollectedEntities": 15,
  "numCollectedRelationships": 27,
}
`;
